
ASEM-51 V1.3                                         Copyright (c) 2002 by W.W. Heinz                                         PAGE 1





       MCS-51 Family Macro Assembler   A S E M - 5 1   V 1.3
       =====================================================



	Source File:	E:\Users\wiktor\Desktop\Programowanie\asm.asm
	Object File:	E:\Users\wiktor\Desktop\Programowanie\asm.hex
	List File:	E:\Users\wiktor\Desktop\Programowanie\asm.lst



 Line  I  Addr  Code            Source

    1:				; PROGRAM G£ÓWNY
    2:	  0000	75 81 20	MOV SP, #20H
    3:	  0003	74 10		MOV A, #10H
    4:	  0005	75 83 12	MOV DPH, #12H
    5:	  0008	75 82 34	MOV DPL, #34H
    6:	  000B	75 50 AA	MOV 50H, #0AAH
    7:	  000E	75 51 BB	MOV 51H, #0BBH
    8:	  0011	A9 50		MOV R1, 50H
    9:	  0013	AA 51		MOV R2, 51H
   10:	  0015	12 01 00	CALL PROCEDURA
   11:	  0018	74 50		MOV A, #50H
   12:	  001A	02 00 1A	KONIEC: LJMP KONIEC
   13:		N      0100	ORG 100H
   14:	  0100			PROCEDURA:
   15:
   16:	  0100	C0 E0		PUSH ACC
   17:	  0102	C0 83		PUSH DPH
   18:	  0104	C0 82		PUSH DPL
   19:	  0106	C0 F0		PUSH B
   20:	  0108	C0 D0		PUSH PSW
   21:
   22:	  010A	D2 D3		SETB RS0
   23:	  010C	A9 50		MOV R1, 50H
   24:	  010E	AA 51		MOV R2, 51H
   25:	  0110	E9		MOV A, R1
   26:	  0111	F4		CPL A
   27:	  0112	FB		MOV R3, A
   28:	  0113	EA		MOV A, R2
   29:	  0114	F4		CPL A
   30:	  0115	FC		MOV R4, A
   31:	  0116	D2 D4		SETB RS1
   32:	  0118	C2 D3		CLR RS0
   33:	  011A	E5 50		MOV A, 50H
   34:	  011C	85 51 F0	MOV B, 51H
   35:	  011F	A4		MUL AB
   36:	  0120	F9		MOV R1, A
   37:	  0121	AA F0		MOV R2, B
   38:	  0123	C2 D4		CLR RS1
   39:
   40:	  0125	D0 D0		POP PSW
   41:	  0127	D0 F0		POP B
   42:	  0129	D0 82		POP DPL
   43:	  012B	D0 83		POP DPH

ASEM-51 V1.3                                         Copyright (c) 2002 by W.W. Heinz                                         PAGE 2



 Line  I  Addr  Code            Source

   44:	  012D	D0 E0		POP ACC
   45:
   46:	  012F	22		RET
   47:				END





                     register banks used:  ---

                     no errors




ASEM-51 V1.3                                         Copyright (c) 2002 by W.W. Heinz                                         PAGE 3





	       L I S T   O F   S Y M B O L S
	       =============================


SYMBOL				  TYPE     VALUE	LINE
------------------------------------------------------------
??ASEM_51			  NUMBER    8051
??VERSION			  NUMBER    0130
AC				  BIT	      D6
ACC				  DATA	      E0
B				  DATA	      F0
CY				  BIT	      D7
DPH				  DATA	      83
DPL				  DATA	      82
EA				  BIT	      AF
ES				  BIT	      AC
ET0				  BIT	      A9
ET1				  BIT	      AB
EX0				  BIT	      A8
EX1				  BIT	      AA
EXTI0				  CODE	    0003
EXTI1				  CODE	    0013
F0				  BIT	      D5
IE				  DATA	      A8
IE0				  BIT	      89
IE1				  BIT	      8B
INT0				  BIT	      B2
INT1				  BIT	      B3
IP				  DATA	      B8
IT0				  BIT	      88
IT1				  BIT	      8A
KONIEC				  CODE	    001A	  12
OV				  BIT	      D2
P				  BIT	      D0
P0				  DATA	      80
P1				  DATA	      90
P2				  DATA	      A0
P3				  DATA	      B0
PCON				  DATA	      87
PROCEDURA			  CODE	    0100	  14
PS				  BIT	      BC
PSW				  DATA	      D0
PT0				  BIT	      B9
PT1				  BIT	      BB
PX0				  BIT	      B8
PX1				  BIT	      BA
RB8				  BIT	      9A
RD				  BIT	      B7
REN				  BIT	      9C
RESET				  CODE	    0000
RI				  BIT	      98
RS0				  BIT	      D3
RS1				  BIT	      D4
RXD				  BIT	      B0
SBUF				  DATA	      99
SCON				  DATA	      98

ASEM-51 V1.3                                         Copyright (c) 2002 by W.W. Heinz                                         PAGE 4



SYMBOL				  TYPE     VALUE	LINE
------------------------------------------------------------
SINT				  CODE	    0023
SM0				  BIT	      9F
SM1				  BIT	      9E
SM2				  BIT	      9D
SP				  DATA	      81
T0				  BIT	      B4
T1				  BIT	      B5
TB8				  BIT	      9B
TCON				  DATA	      88
TF0				  BIT	      8D
TF1				  BIT	      8F
TH0				  DATA	      8C
TH1				  DATA	      8D
TI				  BIT	      99
TIMER0				  CODE	    000B
TIMER1				  CODE	    001B
TL0				  DATA	      8A
TL1				  DATA	      8B
TMOD				  DATA	      89
TR0				  BIT	      8C
TR1				  BIT	      8E
TXD				  BIT	      B1
WR				  BIT	      B6
